#
SIGBUS, tid=4628#
# Problematic frame:
  [libjvm.so+0xc1a00e]
# 

---------------  S U M M A R Y ------------
-Xmx5000m com.intellij.database.remote.RemoteJdbcServer com.mysql.cj.jdbc.Driver
4 cores, 7G, 


,  free space=1019k
  WatcherThread::run()+0x64



 8c 01 00RSP= 0x0000000000000138 | 00 00 00RBP= bd 7a 1c 01 00R11= ff ff ff ff c1 00
, RCX=0x0000000000000018, R10=0x00007ffe806d7080, EFLAGS=0x0000000000010206

0000000000000001  ed  1f d8
 31    
  a235 4d    3d0x00007f6971e4ef4e:   35 00 31  a7
   0000
 48    fc
48    
df e8  fb
 48 ff        ff0f4400 8473       
  48 a6 e9     248953 ec 89%) ()   29,50 KB)
   18,14 MB   17,51 MB) ()   90,75 KB)
  Non-class space:   reserved,  () reserved,  <1% committed 
     18,25 MB  2% committed 
Chunk freelists:

0 bytes        Both:  
unlimited



 bounds [0x00007f6960eb3000, 0x00007f6961123000, 0x00007f69683eb000]
 size=120032Kb used=4622Kb max_used=4622Kb free=115409Kb
00 0 
7f690c000000-7f690c021000 rw-p 00000000 00:00 0 
7f690c021000-7f6910000000 ---p 00000000 00:00 0 
7f6910000000-7f6910021000 rw-p 00000000 00:00 0 
7f6910021000-7f6914000000 ---p 00000000 00:00 0 
7f6914000000-7f6914158000 rw-p 00000000 00:00 0 
7f6914158000-7f6918000000 ---p 00000000 00:00 0 
7f6918000000-7f691a86c000 rw-p 00000000 00:00 0 
7f691a86c000-7f691c000000 ---p 00000000 00:00 0 
7f691c000000-7f691c39c000 rw-p 00000000 00:00 0 
7f691c39c000-7f6920000000 ---p 00000000 00:00 0 
7f6920000000-7f6920021000 rw-p 00000000 00:00 0 
7f6920021000-7f6924000000 ---p 00000000 00:00 0 
7f6924000000-7f6924021000 rw-p 00000000 00:00 0 
7f6924021000-7f6928000000 ---p 00000000 00:00 0 
7f6928000000-7f6928021000 rw-p 00000000 00:00 0 
7f6928021000-7f692c000000 ---p 00000000 00:00 0 
7f692c000000-7f692c021000 rw-p 00000000 00:00 0 
7f692c021000-7f6930000000 ---p 00000000 00:00 0 
7f6930000000-7f6930021000 rw-p 00000000 00:00 0 
7f6930021000-7f6934000000 ---p 00000000 00:00 0 
7f6934000000-7f6934021000 rw-p 00000000 00:00 0 
7f6934021000-7f6938000000 ---p 00000000 00:00 0 
7f6938000000-7f6938021000 rw-p 00000000 00:00 0 
7f6938021000-7f693c000000 ---p 00000000 00:00 0 
7f693c000000-7f693c021000 rw-p 00000000 00:00 0 
7f693c021000-7f6940000000 ---p 00000000 00:00 0 
7f69400bd000-7f69400c1000 ---p 00000000 00:00 0 
7f69400c1000-7f69403be000 rw-p 00000000 00:00 0 
7f69403be000-7f69403bf000 ---p 00000000 00:00 0 
7f69403bf000-7f69404c0000 rw-p 00000000 00:00 0 
7f69404c0000-7f69404c1000 ---p 00000000 00:00 0 
7f69404c1000-7f69405c2000 rw-p 00000000 00:00 0 
7f69405c2000-7f69405c3000 ---p 00000000 00:00 0 
7f69405c3000-7f69408c4000 rw-p 00000000 00:00 0 
7f69408c4000-7f69408c8000 ---p 00000000 00:00 0 
7f69408c8000-7f69409c5000 rw-p 00000000 00:00 0 
7f69409c5000-7f69409c9000 ---p 00000000 00:00 0 
7f69409c9000-7f6940ac6000 rw-p 00000000 00:00 0 
7f6940ac6000-7f6940aca000 ---p 00000000 00:00 0 
7f6940aca000-7f6940dc7000 rw-p 00000000 00:00 0 
7f6940dc7000-7f6940dcb000 ---p 00000000 00:00 0 
7f6940dcb000-7f6940ec8000 rw-p 00000000 00:00 0 
7f6940ec8000-7f6940ec9000 r-xp 00000000 00:1a 197881                     /home/ugo/ideaIU/idea-IU-212.5457.46/jbr/lib/librmi.so
7f6940ec9000-7f69410c8000 ---p 00001000 00:1a 197881                     /home/ugo/ideaIU/idea-IU-212.5457.46/jbr/lib/librmi.so
7f69410c8000-7f69410c9000 r--p 00000000 00:1a 197881                     /home/ugo/ideaIU/idea-IU-212.5457.46/jbr/lib/librmi.so
7f69410c9000-7f69410ca000 rw-p 00000000 00:00 0 
7f69410ca000-7f69410ce000 ---p 00000000 00:00 0 
7f69410ce000-7f69411cb000 rw-p 00000000 00:00 0 
7f69411cb000-7f69411cf000 ---p 00000000 00:00 0 
7f69411cf000-7f69412cc000 rw-p 00000000 00:00 0 
7f69412cc000-7f69412d0000 ---p 00000000 00:00 0 
7f69412d0000-7f69413cd000 rw-p 00000000 00:00 0 
7f69413cd000-7f69413cf000 r-xp 00000000 00:1a 197850                     /home/ugo/ideaIU/idea-IU-212.5457.46/jbr/lib/libextnet.so
7f69413cf000-7f69415ce000 ---p 00002000 00:1a 197850                     /home/ugo/ideaIU/idea-IU-212.5457.46/jbr/lib/libextnet.so
7f69415ce000-7f69415cf000 r--p 00001000 00:1a 197850                     /home/ugo/ideaIU/idea-IU-212.5457.46/jbr/lib/libextnet.so
7f69415cf000-7f69415d0000 rw-p 00000000 00:00 0 
7f69415d0000-7f69415d4000 ---p 00000000 00:00 0 
7f69415d4000-7f69416d1000 rw-p 00000000 00:00 0 
7f69416d1000-7f69416e7000 r-xp 00000000 00:1a 197876                     /home/ugo/ideaIU/idea-IU-212.5457.46/jbr/lib/libnet.so
7f69416e7000-7f69418e7000 ---p 00016000 00:1a 197876                     /home/ugo/ideaIU/idea-IU-212.5457.46/jbr/lib/libnet.so
7f69418e7000-7f69418e8000 r--p 00016000 00:1a 197876                     /home/ugo/ideaIU/idea-IU-212.5457.46/jbr/lib/libnet.so
7f69418e8000-7f69418e9000 rw-p 00017000 00:1a 197876                     /home/ugo/ideaIU/idea-IU-212.5457.46/jbr/lib/libnet.so
7f69418e9000-7f69418f9000 r-xp 00000000 00:1a 197879                     /home/ugo/ideaIU/idea-IU-212.5457.46/jbr/lib/libnio.so
7f69418f9000-7f6941af8000 ---p 00010000 00:1a 197879                     /home/ugo/ideaIU/idea-IU-212.5457.46/jbr/lib/libnio.so
7f6941af8000-7f6941af9000 r--p 0000f000 00:1a 197879                     /home/ugo/ideaIU/idea-IU-212.5457.46/jbr/lib/libnio.so
7f6941af9000-7f6941afa000 rw-p 00010000 00:1a 197879                     /home/ugo/ideaIU/idea-IU-212.5457.46/jbr/lib/libnio.so
7f6941afa000-7f6941afe000 ---p 00000000 00:00 0 
7f6941afe000-7f6941bfb000 rw-p 00000000 00:00 0 
7f6941bfb000-7f6941bfc000 ---p 00000000 00:00 0 
7f6941bfc000-7f6941cfd000 rw-p 00000000 00:00 0 
7f6941cfd000-7f6941d01000 ---p 00000000 00:00 0 
7f6941d01000-7f6941dfe000 rw-p 00000000 00:00 0 
7f6941dfe000-7f6941e02000 ---p 00000000 00:00 0 
7f6941e02000-7f6941eff000 rw-p 00000000 00:00 0 
7f6941eff000-7f6941f03000 ---p 00000000 00:00 0 
7f6941f03000-7f6944000000 rw-p 00000000 00:00 0 
7f6944000000-7f6944021000 rw-p 00000000 00:00 0 
7f6944021000-7f6948000000 ---p 00000000 00:00 0 
7f69480c4000-7f69480f5000 rw-p 00000000 00:00 0 
7f69480f5000-7f69480f9000 ---p 00000000 00:00 0 
7f69480f9000-7f69481f6000 rw-p 00000000 00:00 0 
7f69481f6000-7f69481fa000 ---p 00000000 00:00 0 
7f69481fa000-7f69482f7000 rw-p 00000000 00:00 0 
7f69482f7000-7f694834c000 r--p 00000000 00:1a 552296                     /usr/lib/locale/aa_DJ.utf8/LC_CTYPE
7f694834c000-7f69485c4000 r--p 00000000 00:1a 552295                     /usr/lib/locale/aa_DJ.utf8/LC_COLLATE
7f69485c4000-7f69485c8000 ---p 00000000 00:00 0 
7f69485c8000-7f69486c5000 rw-p 00000000 00:00 0 
7f69486c5000-7f69486c9000 ---p 00000000 00:00 0 
7f69486c9000-7f69487c6000 rw-p 00000000 00:00 0 
7f69487c6000-7f69487c7000 ---p 00000000 00:00 0 
7f69487c7000-7f6949149000 rw-p 00000000 00:00 0 
7f6949149000-7f694914a000 ---p 00000000 00:00 0 
7f694914a000-7f694924b000 rw-p 00000000 00:00 0 
7f694924b000-7f694924c000 ---p 00000000 00:00 0 
7f694924c000-7f6949751000 rw-p 00000000 00:00 0 
7f6949751000-7f6949752000 ---p 00000000 00:00 0 
7f6949752000-7f6949853000 rw-p 00000000 00:00 0 
7f6949853000-7f6949854000 ---p 00000000 00:00 0 
7f6949854000-7f6949bfc000 rw-p 00000000 00:00 0 
7f6949bfc000-7f694e81c000 ---p 00000000 00:00 0 
7f694e81c000-7f694ea1c000 rw-p 00000000 00:00 0 
7f694ea1c000-7f695363c000 ---p 00000000 00:00 0 
7f695363c000-7f695367c000 rw-p 00000000 00:00 0 
7f695367c000-7f6954000000 ---p 00000000 00:00 0 
7f6954000000-7f6954021000 rw-p 00000000 00:00 0 
7f6954021000-7f6958000000 ---p 00000000 00:00 0 
7f6958008000-7f69580a3000 rw-p 00000000 00:00 0 
7f69580a3000-7f6958a27000 ---p 00000000 00:00 0 
7f6958a27000-7f6958a67000 rw-p 00000000 00:00 0 
7f6958a67000-7f69593eb000 ---p 00000000 00:00 0 
7f69593eb000-7f695965b000 rwxp 00000000 00:00 0 
7f695965b000-7f695997b000 ---p 00000000 00:00 0 
7f695997b000-7f6959e0b000 rwxp 00000000 00:00 0 
7f6959e0b000-7f6960eb3000 ---p 00000000 00:00 0 
7f6960eb3000-7f6961123000 rwxp 00000000 00:00 0 
7f6961123000-7f69683eb000 ---p 00000000 00:00 0 
7f69683eb000-7f696c000000 r--s 00000000 00:1a 197943                     /home/ugo/ideaIU/idea-IU-212.5457.46/jbr/lib/modules
7f696c000000-7f696c4ca000 rw-p 00000000 00:00 0 
7f696c4ca000-7f6970000000 ---p 00000000 00:00 0 
7f6970004000-7f6970005000 r--p 00000000 00:1a 552710                     /usr/lib/locale/br_FR.utf8/LC_NUMERIC
7f6970005000-7f6970006000 r--p 00000000 00:1a 553500                     /usr/lib/locale/fr_FR.utf8/LC_TIME
7f6970006000-7f6970007000 r--p 00000000 00:1a 552708                     /usr/lib/locale/br_FR.utf8/LC_MONETARY
7f6970007000-7f6970008000 r--p 00000000 00:1a 553486                     /usr/lib/locale/fr_CA.utf8/LC_MESSAGES/SYS_LC_MESSAGES
7f6970008000-7f6970009000 r--p 00000000 00:1a 552303                     /usr/lib/locale/aa_DJ.utf8/LC_PAPER
7f6970009000-7f697000a000 r--p 00000000 00:1a 552709                     /usr/lib/locale/br_FR.utf8/LC_NAME
7f697000a000-7f697000b000 r--p 00000000 00:1a 553413                     /usr/lib/locale/eu_FR.utf8/LC_ADDRESS
7f697000b000-7f69704a1000 rw-p 00000000 00:00 0 
7f69704a1000-7f69704a2000 ---p 00000000 00:00 0 
7f69704a2000-7f69705a8000 rw-p 00000000 00:00 0 
7f69705a8000-7f697068e000 ---p 00000000 00:00 0 
7f697068e000-7f6970698000 rw-p 00000000 00:00 0 
7f6970698000-7f6970779000 ---p 00000000 00:00 0 
7f6970779000-7f697077e000 rw-p 00000000 00:00 0 
7f697077e000-7f6970785000 ---p 00000000 00:00 0 
7f6970785000-7f697078c000 r-xp 00000000 00:1a 197888                     /home/ugo/ideaIU/idea-IU-212.5457.46/jbr/lib/libzip.so
7f697078c000-7f697098b000 ---p 00007000 00:1a 197888                     /home/ugo/ideaIU/idea-IU-212.5457.46/jbr/lib/libzip.so
7f697098b000-7f697098c000 r--p 00006000 00:1a 197888                     /home/ugo/ideaIU/idea-IU-212.5457.46/jbr/lib/libzip.so
7f697098c000-7f697098d000 rw-p 00000000 00:00 0 
7f697098d000-7f69709a8000 r-xp 00000000 00:1a 197863                     /home/ugo/ideaIU/idea-IU-212.5457.46/jbr/lib/libjimage.so
7f69709a8000-7f6970ba7000 ---p 0001b000 00:1a 197863                     /home/ugo/ideaIU/idea-IU-212.5457.46/jbr/lib/libjimage.so
7f6970ba7000-7f6970ba9000 r--p 0001a000 00:1a 197863                     /home/ugo/ideaIU/idea-IU-212.5457.46/jbr/lib/libjimage.so
7f6970ba9000-7f6970baa000 rw-p 0001c000 00:1a 197863                     /home/ugo/ideaIU/idea-IU-212.5457.46/jbr/lib/libjimage.so
7f6970baa000-7f6970bd3000 r-xp 00000000 00:1a 197858                     /home/ugo/ideaIU/idea-IU-212.5457.46/jbr/lib/libjava.so
7f6970bd3000-7f6970dd3000 ---p 00029000 00:1a 197858                     /home/ugo/ideaIU/idea-IU-212.5457.46/jbr/lib/libjava.so
7f6970dd3000-7f6970dd4000 r--p 00029000 00:1a 197858                     /home/ugo/ideaIU/idea-IU-212.5457.46/jbr/lib/libjava.so
7f6970dd4000-7f6970dd5000 rw-p 0002a000 00:1a 197858                     /home/ugo/ideaIU/idea-IU-212.5457.46/jbr/lib/libjava.so
7f6970dd5000-7f6970dd6000 rw-p 00000000 00:00 0 
7f6970dd6000-7f6970de3000 r-xp 00000000 00:1a 197887                     /home/ugo/ideaIU/idea-IU-212.5457.46/jbr/lib/libverify.so
7f6970de3000-7f6970fe2000 ---p 0000d000 00:1a 197887                     /home/ugo/ideaIU/idea-IU-212.5457.46/jbr/lib/libverify.so
7f6970fe2000-7f6970fe4000 r--p 0000c000 00:1a 197887                     /home/ugo/ideaIU/idea-IU-212.5457.46/jbr/lib/libverify.so
7f6970fe4000-7f6970fe5000 rw-p 00000000 00:00 0 
7f6970fe5000-7f6970fe8000 r--p 00000000 00:1a 460436                     /usr/lib/x86_64-linux-gnu/librt-2.31.so
7f6970fe8000-7f6970fec000 r-xp 00003000 00:1a 460436                     /usr/lib/x86_64-linux-gnu/librt-2.31.so
7f6970fec000-7f6970fed000 r--p 00007000 00:1a 460436                     /usr/lib/x86_64-linux-gnu/librt-2.31.so
7f6970fed000-7f6970fee000 ---p 00008000 00:1a 460436                     /usr/lib/x86_64-linux-gnu/librt-2.31.so
7f6970fee000-7f6970fef000 r--p 00008000 00:1a 460436                     /usr/lib/x86_64-linux-gnu/librt-2.31.so
7f6970fef000-7f6970ff0000 rw-p 00009000 00:1a 460436                     /usr/lib/x86_64-linux-gnu/librt-2.31.so
7f6970ff0000-7f6970ff4000 ---p 00000000 00:00 0 
7f6970ff4000-7f69710f1000 rw-p 00000000 00:00 0 
7f69710f1000-7f6971100000 r--p 00000000 00:1a 460425                     /usr/lib/x86_64-linux-gnu/libm-2.31.so
7f6971100000-7f697119a000 r-xp 0000f000 00:1a 460425                     /usr/lib/x86_64-linux-gnu/libm-2.31.so
7f697119a000-7f6971233000 r--p 000a9000 00:1a 460425                     /usr/lib/x86_64-linux-gnu/libm-2.31.so
7f6971233000-7f6971234000 r--p 00141000 00:1a 460425                     /usr/lib/x86_64-linux-gnu/libm-2.31.so
7f6971234000-7f6971235000 rw-p 00142000 00:1a 460425                     /usr/lib/x86_64-linux-gnu/libm-2.31.so
7f6971235000-7f697238e000 r-xp 00000000 00:1a 197954                     /home/ugo/ideaIU/idea-IU-212.5457.46/jbr/lib/server/libjvm.so
7f697238e000-7f697258d000 ---p 01159000 00:1a 197954                     /home/ugo/ideaIU/idea-IU-212.5457.46/jbr/lib/server/libjvm.so
7f697258d000-7f6972652000 r--p 01158000 00:1a 197954                     /home/ugo/ideaIU/idea-IU-212.5457.46/jbr/lib/server/libjvm.so
7f6972652000-7f697268d000 rw-p 0121d000 00:1a 197954                     /home/ugo/ideaIU/idea-IU-212.5457.46/jbr/lib/server/libjvm.so
7f697268d000-7f69726e6000 rw-p 00000000 00:00 0 
7f69726e6000-7f697270b000 r--p 00000000 00:1a 460423                     /usr/lib/x86_64-linux-gnu/libc-2.31.so
7f697270b000-7f6972856000 r-xp 00025000 00:1a 460423                     /usr/lib/x86_64-linux-gnu/libc-2.31.so
7f6972856000-7f69728a0000 r--p 00170000 00:1a 460423                     /usr/lib/x86_64-linux-gnu/libc-2.31.so
7f69728a0000-7f69728a1000 ---p 001ba000 00:1a 460423                     /usr/lib/x86_64-linux-gnu/libc-2.31.so
7f69728a1000-7f69728a4000 r--p 001ba000 00:1a 460423                     /usr/lib/x86_64-linux-gnu/libc-2.31.so
7f69728a4000-7f69728a7000 rw-p 001bd000 00:1a 460423                     /usr/lib/x86_64-linux-gnu/libc-2.31.so
7f69728a7000-7f69728ab000 rw-p 00000000 00:00 0 
7f69728ab000-7f69728ac000 r--p 00000000 00:1a 460424                     /usr/lib/x86_64-linux-gnu/libdl-2.31.so
7f69728ac000-7f69728ae000 r-xp 00001000 00:1a 460424                     /usr/lib/x86_64-linux-gnu/libdl-2.31.so
7f69728ae000-7f69728af000 r--p 00003000 00:1a 460424                     /usr/lib/x86_64-linux-gnu/libdl-2.31.so
7f69728af000-7f69728b0000 r--p 00003000 00:1a 460424                     /usr/lib/x86_64-linux-gnu/libdl-2.31.so
7f69728b0000-7f69728b1000 rw-p 00004000 00:1a 460424                     /usr/lib/x86_64-linux-gnu/libdl-2.31.so
7f69728b1000-7f69728c0000 r-xp 00000000 00:1a 197839                     /home/ugo/ideaIU/idea-IU-212.5457.46/jbr/lib/jli/libjli.so
7f69728c0000-7f6972abf000 ---p 0000f000 00:1a 197839                     /home/ugo/ideaIU/idea-IU-212.5457.46/jbr/lib/jli/libjli.so
7f6972abf000-7f6972ac0000 r--p 0000e000 00:1a 197839                     /home/ugo/ideaIU/idea-IU-212.5457.46/jbr/lib/jli/libjli.so
7f6972ac0000-7f6972ac1000 rw-p 0000f000 00:1a 197839                     /home/ugo/ideaIU/idea-IU-212.5457.46/jbr/lib/jli/libjli.so
7f6972ac1000-7f6972ac8000 r--p 00000000 00:1a 460434                     /usr/lib/x86_64-linux-gnu/libpthread-2.31.so
7f6972ac8000-7f6972ad8000 r-xp 00007000 00:1a 460434                     /usr/lib/x86_64-linux-gnu/libpthread-2.31.so
7f6972ad8000-7f6972add000 r--p 00017000 00:1a 460434                     /usr/lib/x86_64-linux-gnu/libpthread-2.31.so
7f6972add000-7f6972ade000 r--p 0001b000 00:1a 460434                     /usr/lib/x86_64-linux-gnu/libpthread-2.31.so
7f6972ade000-7f6972adf000 rw-p 0001c000 00:1a 460434                     /usr/lib/x86_64-linux-gnu/libpthread-2.31.so
7f6972adf000-7f6972ae3000 rw-p 00000000 00:00 0 
7f6972ae3000-7f6972ae6000 r--p 00000000 00:1a 102041                     /usr/lib/x86_64-linux-gnu/libz.so.1.2.11
7f6972ae6000-7f6972af7000 r-xp 00003000 00:1a 102041                     /usr/lib/x86_64-linux-gnu/libz.so.1.2.11
7f6972af7000-7f6972afd000 r--p 00014000 00:1a 102041                     /usr/lib/x86_64-linux-gnu/libz.so.1.2.11
7f6972afd000-7f6972afe000 ---p 0001a000 00:1a 102041                     /usr/lib/x86_64-linux-gnu/libz.so.1.2.11
7f6972afe000-7f6972aff000 r--p 0001a000 00:1a 102041                     /usr/lib/x86_64-linux-gnu/libz.so.1.2.11
7f6972aff000-7f6972b00000 rw-p 0001b000 00:1a 102041                     /usr/lib/x86_64-linux-gnu/libz.so.1.2.11
7f6972b00000-7f6972b01000 r--p 00000000 00:1a 552711                     /usr/lib/locale/br_FR.utf8/LC_TELEPHONE
7f6972b01000-7f6972b02000 r--p 00000000 00:1a 552298                     /usr/lib/locale/aa_DJ.utf8/LC_MEASUREMENT
7f6972b02000-7f6972b09000 r--s 00000000 00:1a 460688                     /usr/lib/x86_64-linux-gnu/gconv/gconv-modules.cache
7f6972b09000-7f6972b11000 rw-s 00000000 00:1a 723763                     /tmp/hsperfdata_ugo/4609
7f6972b11000-7f6972b14000 r--p 00000000 00:1a 460431                     /usr/lib/x86_64-linux-gnu/libnss_files-2.31.so
7f6972b14000-7f6972b1b000 r-xp 00003000 00:1a 460431                     /usr/lib/x86_64-linux-gnu/libnss_files-2.31.so
7f6972b1b000-7f6972b1d000 r--p 0000a000 00:1a 460431                     /usr/lib/x86_64-linux-gnu/libnss_files-2.31.so
7f6972b1d000-7f6972b1e000 r--p 0000b000 00:1a 460431                     /usr/lib/x86_64-linux-gnu/libnss_files-2.31.so
7f6972b1e000-7f6972b1f000 rw-p 0000c000 00:1a 460431                     /usr/lib/x86_64-linux-gnu/libnss_files-2.31.so
7f6972b1f000-7f6972b25000 rw-p 00000000 00:00 0 
7f6972b25000-7f6972b26000 ---p 00000000 00:00 0 
7f6972b26000-7f6972b27000 r--p 00000000 00:00 0 
7f6972b27000-7f6972b29000 rw-p 00000000 00:00 0 
7f6972b29000-7f6972b2a000 r--p 00000000 00:1a 460419                     /usr/lib/x86_64-linux-gnu/ld-2.31.so
7f6972b2a000-7f6972b4a000 r-xp 00001000 00:1a 460419                     /usr/lib/x86_64-linux-gnu/ld-2.31.so
7f6972b4a000-7f6972b52000 r--p 00021000 00:1a 460419                     /usr/lib/x86_64-linux-gnu/ld-2.31.so
7f6972b52000-7f6972b53000 r--p 00000000 00:1a 553499                     /usr/lib/locale/fr_FR.utf8/LC_IDENTIFICATION
7f6972b53000-7f6972b54000 r--p 00029000 00:1a 460419                     /usr/lib/x86_64-linux-gnu/ld-2.31.so
7f6972b54000-7f6972b55000 rw-p 0002a000 00:1a 460419                     /usr/lib/x86_64-linux-gnu/ld-2.31.so
7f6972b55000-7f6972b56000 rw-p 00000000 00:00 0 
7ffe8068f000-7ffe806b1000 rw-p 00000000 00:00 0                          [stack]
7ffe806d7000-7ffe806db000 r--p 00000000 00:00 0                          [vvar]
7ffe806db000-7ffe806dd000 r-xp 00000000 00:00 0                          [vdso]


VM Arguments:
jvm_args: -Djava.rmi.server.hostname=127.0.0.1 -Duser.timezone=UTC -Xmx5000m -Xms128m -Dfile.encoding=UTF-8 
java_command: com.intellij.database.remote.RemoteJdbcServer com.mysql.cj.jdbc.Driver
java_class_path (initial): /home/ugo/ideaIU/idea-IU-212.5457.46/lib/util.jar:/home/ugo/ideaIU/idea-IU-212.5457.46/lib/groovy-2.5.14.jar:/home/ugo/ideaIU/idea-IU-212.5457.46/plugins/DatabaseTools/lib/jdbc-console.jar:/home/ugo/.config/JetBrains/IntelliJIdea2021.2/jdbc-drivers/MySQL ConnectorJ/8.0.25/mysql-connector-java-8.0.25.jar
Launcher Type: SUN_STANDARD

[Global flags]
     intx CICompilerCount                          = 3                                         {product} {ergonomic}
     uint ConcGCThreads                            = 1                                         {product} {ergonomic}
     uint G1ConcRefinementThreads                  = 4                                         {product} {ergonomic}
   size_t G1HeapRegionSize                         = 1048576                                   {product} {ergonomic}
    uintx GCDrainStackTargetSize                   = 64                                        {product} {ergonomic}
   size_t InitialHeapSize                          = 134217728                                 {product} {command line}
   size_t MarkStackSize                            = 4194304                                   {product} {ergonomic}
   size_t MaxHeapSize                              = 5242880000                                {product} {command line}
   size_t MaxNewSize                               = 3145728000                                {product} {ergonomic}
   size_t MinHeapDeltaBytes                        = 1048576                                   {product} {ergonomic}
    uintx NonNMethodCodeHeapSize                   = 5830732                                {pd product} {ergonomic}
    uintx NonProfiledCodeHeapSize                  = 122913754                              {pd product} {ergonomic}
    uintx ProfiledCodeHeapSize                     = 122913754                              {pd product} {ergonomic}
    uintx ReservedCodeCacheSize                    = 251658240                              {pd product} {ergonomic}
     bool SegmentedCodeCache                       = true                                      {product} {ergonomic}
     bool UseCompressedClassPointers               = true                                 {lp64_product} {ergonomic}
     bool UseCompressedOops                        = true                                 {lp64_product} {ergonomic}
     bool UseG1GC                                  = true                                      {product} {ergonomic}

Logging:
Log output configuration:
 #0: stdout all=warning uptime,level,tags
 #1: stderr all=off uptime,level,tags

Environment Variables:
PATH=/home/ugo/anaconda3/bin:/home/ugo/anaconda3/condabin:/home/ugo/.local/bin:/snap/bin:/usr/sandbox:/usr/local/bin:/usr/bin:/bin:/usr/local/games:/usr/games:/usr/share/games:/usr/local/sbin:/usr/sbin:/sbin:/usr/local/bin:/usr/bin:/bin:/usr/local/games:/usr/games
SHELL=/bin/bash
DISPLAY=:0
LANG=fr_FR.UTF-8

Signal Handlers:
SIGSEGV: [libjvm.so+0xe74e90], sa_mask[0]=11111111011111111101111111111110, sa_flags=SA_RESTART|SA_SIGINFO
SIGBUS: [libjvm.so+0xe74e90], sa_mask[0]=11111111011111111101111111111110, sa_flags=SA_RESTART|SA_SIGINFO
SIGFPE: [libjvm.so+0xe74e90], sa_mask[0]=11111111011111111101111111111110, sa_flags=SA_RESTART|SA_SIGINFO
SIGPIPE: [libjvm.so+0xbc6700], sa_mask[0]=11111111011111111101111111111110, sa_flags=SA_RESTART|SA_SIGINFO
SIGXFSZ: [libjvm.so+0xbc6700], sa_mask[0]=11111111011111111101111111111110, sa_flags=SA_RESTART|SA_SIGINFO
SIGILL: [libjvm.so+0xe74e90], sa_mask[0]=11111111011111111101111111111110, sa_flags=SA_RESTART|SA_SIGINFO
SIGUSR2: [libjvm.so+0xbc6590], sa_mask[0]=00100000000000000000000000000000, sa_flags=SA_RESTART|SA_SIGINFO
SIGHUP: [libjvm.so+0xbc6a60], sa_mask[0]=11111111011111111101111111111110, sa_flags=SA_RESTART|SA_SIGINFO
SIGINT: [libjvm.so+0xbc6a60], sa_mask[0]=11111111011111111101111111111110, sa_flags=SA_RESTART|SA_SIGINFO
SIGTERM: [libjvm.so+0xbc6a60], sa_mask[0]=11111111011111111101111111111110, sa_flags=SA_RESTART|SA_SIGINFO
SIGQUIT: [libjvm.so+0xbc6a60], sa_mask[0]=11111111011111111101111111111110, sa_flags=SA_RESTART|SA_SIGINFO


---------------  S Y S T E M  ---------------

OS:DISTRIB_ID=Parrot
DISTRIB_RELEASE=4.11
DISTRIB_CODENAME=rolling
DISTRIB_DESCRIPTION="Parrot OS 4.11"
uname:Linux 5.14.0-9parrot1-amd64 #1 SMP Debian 5.14.9-9parrot1 (2021-10-26) x86_64
OS uptime: 0 days 1:07 hours
libc:glibc 2.31 NPTL 2.31 
rlimit (soft/hard): STACK 8192k/infinity , CORE 0k/infinity , NPROC 30916/30916 , NOFILE 1048576/1048576 , AS infinity/infinity , CPU infinity/infinity , DATA infinity/infinity , FSIZE infinity/infinity , MEMLOCK 1001143k/1001143k
load average:1,81 1,36 1,16

/proc/meminfo:
MemTotal:        8009144 kB
MemFree:          248644 kB
MemAvailable:    1213884 kB
Buffers:             372 kB
Cached:          1982128 kB
SwapCached:            0 kB
Active:           547684 kB
Inactive:        6332872 kB
Active(anon):       3268 kB
Inactive(anon):  5731780 kB
Active(file):     544416 kB
Inactive(file):   601092 kB
Unevictable:      562124 kB
Mlocked:              64 kB
SwapTotal:             0 kB
SwapFree:              0 kB
Dirty:                 0 kB
Writeback:             0 kB
AnonPages:       5439804 kB
Mapped:           481612 kB
Shmem:            841104 kB
KReclaimable:      86980 kB
Slab:             183768 kB
SReclaimable:      86980 kB
SUnreclaim:        96788 kB
KernelStack:       13416 kB
PageTables:        36728 kB
NFS_Unstable:          0 kB
Bounce:                0 kB
WritebackTmp:          0 kB
CommitLimit:     4004572 kB
Committed_AS:    9154264 kB
VmallocTotal:   34359738367 kB
VmallocUsed:       45100 kB
VmallocChunk:          0 kB
Percpu:             3056 kB
HardwareCorrupted:     0 kB
AnonHugePages:   1626112 kB
ShmemHugePages:        0 kB
ShmemPmdMapped:        0 kB
FileHugePages:         0 kB
FilePmdMapped:         0 kB
HugePages_Total:       0
HugePages_Free:        0
HugePages_Rsvd:        0
HugePages_Surp:        0
Hugepagesize:       2048 kB
Hugetlb:               0 kB
DirectMap4k:      243308 kB
DirectMap2M:     5910528 kB
DirectMap1G:     2097152 kB

/sys/kernel/mm/transparent_hugepage/enabled:
[always] madvise never
/sys/kernel/mm/transparent_hugepage/defrag (defrag/compaction efforts parameter):
always defer defer+madvise [madvise] never

Process Memory:
Virtual Size: 8843824K (peak: 8905824K)
Resident Set Size: 96768K (peak: 116032K) (anon: 85776K, file: 10992K, shmem: 0K)
Swapped out: 0K
C-Heap outstanding allocations: 9466K

/proc/sys/kernel/threads-max (system-wide limit on the number of threads):
61833
/proc/sys/vm/max_map_count (maximum number of memory map areas a process may have):
65530
/proc/sys/kernel/pid_max (system-wide limit on number of process identifiers):
4194304

Steal ticks since vm start: 0
Steal ticks percentage since vm start:  0,000

CPU:total 4 (initial active 4) (2 cores per cpu, 2 threads per core) family 6 model 142 stepping 9 microcode 0xea, cmov, cx8, fxsr, mmx, sse, sse2, sse3, ssse3, sse4.1, sse4.2, popcnt, avx, avx2, aes, clmul, erms, 3dnowpref, lzcnt, ht, tsc, tscinvbit, bmi1, bmi2, adx, fma
CPU Model and flags from /proc/cpuinfo:
model name	: Intel(R) Core(TM) i5-7360U CPU @ 2.30GHz
flags		: fpu vme de pse tsc msr pae mce cx8 apic sep mtrr pge mca cmov pat pse36 clflush dts acpi mmx fxsr sse sse2 ss ht tm pbe syscall nx pdpe1gb rdtscp lm constant_tsc art arch_perfmon pebs bts rep_good nopl xtopology nonstop_tsc cpuid aperfmperf pni pclmulqdq dtes64 monitor ds_cpl vmx smx est tm2 ssse3 sdbg fma cx16 xtpr pdcm pcid sse4_1 sse4_2 x2apic movbe popcnt tsc_deadline_timer aes xsave avx f16c rdrand lahf_lm abm 3dnowprefetch cpuid_fault epb invpcid_single pti ssbd ibrs ibpb stibp tpr_shadow vnmi flexpriority ept vpid ept_ad fsgsbase tsc_adjust bmi1 avx2 smep bmi2 erms invpcid mpx rdseed adx smap clflushopt intel_pt xsaveopt xsavec xgetbv1 xsaves dtherm ida arat pln pts hwp hwp_notify hwp_act_window hwp_epp md_clear flush_l1d
Online cpus:
0-3
Offline cpus:

BIOS frequency limitation:
<Not Available>
Frequency switch latency (ns):
0
Available cpu frequencies:
<Not Available>
Current governor:
powersave
Core performance/turbo boost:
<Not Available>

Memory: 4k page, physical 8009144k(248644k free), swap 0k(0k free)

vm_info: OpenJDK 64-Bit Server VM (11.0.12+7-b1504.40) for linux-amd64 JRE (11.0.12+7-b1504.40), built on Sep 23 2021 10:28:44 by "" with gcc 8.3.1 20190311 (Red Hat 8.3.1-3)

END.
